Archive member included because of file (symbol)

c:/freescale/kds_v3/toolchain/bin/../lib/gcc/arm-none-eabi/4.8.4/../../../../arm-none-eabi/lib/armv7e-m/fpu\libg_s.a(lib_a-exit.o)
                              c:/freescale/kds_v3/toolchain/bin/../lib/gcc/arm-none-eabi/4.8.4/../../../../arm-none-eabi/lib/armv7e-m/fpu/crt0.o (exit)
c:/freescale/kds_v3/toolchain/bin/../lib/gcc/arm-none-eabi/4.8.4/../../../../arm-none-eabi/lib/armv7e-m/fpu\libg_s.a(lib_a-impure.o)
                              c:/freescale/kds_v3/toolchain/bin/../lib/gcc/arm-none-eabi/4.8.4/../../../../arm-none-eabi/lib/armv7e-m/fpu\libg_s.a(lib_a-exit.o) (_global_impure_ptr)
c:/freescale/kds_v3/toolchain/bin/../lib/gcc/arm-none-eabi/4.8.4/../../../../arm-none-eabi/lib/armv7e-m/fpu\libg_s.a(lib_a-init.o)
                              c:/freescale/kds_v3/toolchain/bin/../lib/gcc/arm-none-eabi/4.8.4/../../../../arm-none-eabi/lib/armv7e-m/fpu/crt0.o (__libc_init_array)
c:/freescale/kds_v3/toolchain/bin/../lib/gcc/arm-none-eabi/4.8.4/../../../../arm-none-eabi/lib/armv7e-m/fpu\libg_s.a(lib_a-memset.o)
                              c:/freescale/kds_v3/toolchain/bin/../lib/gcc/arm-none-eabi/4.8.4/../../../../arm-none-eabi/lib/armv7e-m/fpu/crt0.o (memset)
c:/freescale/kds_v3/toolchain/bin/../lib/gcc/arm-none-eabi/4.8.4/../../../../arm-none-eabi/lib/armv7e-m/fpu\libnosys.a(_exit.o)
                              c:/freescale/kds_v3/toolchain/bin/../lib/gcc/arm-none-eabi/4.8.4/../../../../arm-none-eabi/lib/armv7e-m/fpu\libg_s.a(lib_a-exit.o) (_exit)

Allocating common symbols
Common symbol       size              file

SR_reg              0x1               ./Generated_Code/Cpu.o

Discarded input sections

 .text          0x00000000        0x0 c:/freescale/kds_v3/toolchain/bin/../lib/gcc/arm-none-eabi/4.8.4/armv7e-m/fpu/crti.o
 .data          0x00000000        0x0 c:/freescale/kds_v3/toolchain/bin/../lib/gcc/arm-none-eabi/4.8.4/armv7e-m/fpu/crti.o
 .bss           0x00000000        0x0 c:/freescale/kds_v3/toolchain/bin/../lib/gcc/arm-none-eabi/4.8.4/armv7e-m/fpu/crti.o
 .data          0x00000000        0x4 c:/freescale/kds_v3/toolchain/bin/../lib/gcc/arm-none-eabi/4.8.4/armv7e-m/fpu/crtbegin.o
 .data          0x00000000        0x0 c:/freescale/kds_v3/toolchain/bin/../lib/gcc/arm-none-eabi/4.8.4/../../../../arm-none-eabi/lib/armv7e-m/fpu/crt0.o
 .bss           0x00000000        0x0 c:/freescale/kds_v3/toolchain/bin/../lib/gcc/arm-none-eabi/4.8.4/../../../../arm-none-eabi/lib/armv7e-m/fpu/crt0.o
 .ARM.extab     0x00000000        0x0 c:/freescale/kds_v3/toolchain/bin/../lib/gcc/arm-none-eabi/4.8.4/../../../../arm-none-eabi/lib/armv7e-m/fpu/crt0.o
 .group         0x00000000        0x8 ./Sources/Events.o
 .group         0x00000000        0x8 ./Sources/Events.o
 .group         0x00000000        0x8 ./Sources/Events.o
 .group         0x00000000        0x8 ./Sources/Events.o
 .group         0x00000000        0x8 ./Sources/Events.o
 .group         0x00000000        0x8 ./Sources/Events.o
 .group         0x00000000        0x8 ./Sources/Events.o
 .group         0x00000000        0x8 ./Sources/Events.o
 .group         0x00000000        0x8 ./Sources/Events.o
 .text          0x00000000        0x0 ./Sources/Events.o
 .data          0x00000000        0x0 ./Sources/Events.o
 .bss           0x00000000        0x0 ./Sources/Events.o
 .group         0x00000000        0x8 ./Sources/main.o
 .group         0x00000000        0x8 ./Sources/main.o
 .group         0x00000000        0x8 ./Sources/main.o
 .group         0x00000000        0x8 ./Sources/main.o
 .group         0x00000000        0x8 ./Sources/main.o
 .group         0x00000000        0x8 ./Sources/main.o
 .group         0x00000000        0x8 ./Sources/main.o
 .group         0x00000000        0x8 ./Sources/main.o
 .group         0x00000000        0x8 ./Sources/main.o
 .text          0x00000000        0x0 ./Sources/main.o
 .data          0x00000000        0x0 ./Sources/main.o
 .bss           0x00000000        0x0 ./Sources/main.o
 .debug_macro   0x00000000      0x850 ./Sources/main.o
 .debug_macro   0x00000000       0x16 ./Sources/main.o
 .debug_macro   0x00000000       0x44 ./Sources/main.o
 .debug_macro   0x00000000      0x209 ./Sources/main.o
 .debug_macro   0x00000000     0x1752 ./Sources/main.o
 .debug_macro   0x00000000      0x14e ./Sources/main.o
 .debug_macro   0x00000000       0x6a ./Sources/main.o
 .debug_macro   0x00000000     0xde57 ./Sources/main.o
 .debug_macro   0x00000000       0x94 ./Sources/main.o
 .group         0x00000000        0x8 ./Project_Settings/Startup_Code/startup.o
 .group         0x00000000        0x8 ./Project_Settings/Startup_Code/startup.o
 .group         0x00000000        0x8 ./Project_Settings/Startup_Code/startup.o
 .group         0x00000000        0x8 ./Project_Settings/Startup_Code/startup.o
 .group         0x00000000        0x8 ./Project_Settings/Startup_Code/startup.o
 .group         0x00000000        0x8 ./Project_Settings/Startup_Code/startup.o
 .group         0x00000000        0x8 ./Project_Settings/Startup_Code/startup.o
 .group         0x00000000        0x8 ./Project_Settings/Startup_Code/startup.o
 .group         0x00000000        0x8 ./Project_Settings/Startup_Code/startup.o
 .group         0x00000000        0x8 ./Project_Settings/Startup_Code/startup.o
 .group         0x00000000        0x8 ./Project_Settings/Startup_Code/startup.o
 .group         0x00000000        0x8 ./Project_Settings/Startup_Code/startup.o
 .group         0x00000000        0x8 ./Project_Settings/Startup_Code/startup.o
 .group         0x00000000        0x8 ./Project_Settings/Startup_Code/startup.o
 .group         0x00000000        0x8 ./Project_Settings/Startup_Code/startup.o
 .group         0x00000000        0x8 ./Project_Settings/Startup_Code/startup.o
 .group         0x00000000        0x8 ./Project_Settings/Startup_Code/startup.o
 .group         0x00000000        0x8 ./Project_Settings/Startup_Code/startup.o
 .group         0x00000000        0x8 ./Project_Settings/Startup_Code/startup.o
 .text          0x00000000        0x0 ./Project_Settings/Startup_Code/startup.o
 .data          0x00000000        0x0 ./Project_Settings/Startup_Code/startup.o
 .bss           0x00000000        0x0 ./Project_Settings/Startup_Code/startup.o
 .text.__init_hardware
                0x00000000        0xc ./Project_Settings/Startup_Code/startup.o
 .text.__iar_program_start
                0x00000000        0xc ./Project_Settings/Startup_Code/startup.o
 .debug_macro   0x00000000      0x850 ./Project_Settings/Startup_Code/startup.o
 .debug_macro   0x00000000       0x16 ./Project_Settings/Startup_Code/startup.o
 .group         0x00000000        0x8 ./Generated_Code/Cpu.o
 .group         0x00000000        0x8 ./Generated_Code/Cpu.o
 .group         0x00000000        0x8 ./Generated_Code/Cpu.o
 .group         0x00000000        0x8 ./Generated_Code/Cpu.o
 .group         0x00000000        0x8 ./Generated_Code/Cpu.o
 .group         0x00000000        0x8 ./Generated_Code/Cpu.o
 .group         0x00000000        0x8 ./Generated_Code/Cpu.o
 .group         0x00000000        0x8 ./Generated_Code/Cpu.o
 .group         0x00000000        0x8 ./Generated_Code/Cpu.o
 .text          0x00000000        0x0 ./Generated_Code/Cpu.o
 .data          0x00000000        0x0 ./Generated_Code/Cpu.o
 .bss           0x00000000        0x0 ./Generated_Code/Cpu.o
 .bss.SR_lock   0x00000000        0x1 ./Generated_Code/Cpu.o
 .debug_macro   0x00000000      0x850 ./Generated_Code/Cpu.o
 .debug_macro   0x00000000       0x16 ./Generated_Code/Cpu.o
 .debug_macro   0x00000000       0x44 ./Generated_Code/Cpu.o
 .debug_macro   0x00000000      0x209 ./Generated_Code/Cpu.o
 .debug_macro   0x00000000     0x1752 ./Generated_Code/Cpu.o
 .debug_macro   0x00000000      0x14e ./Generated_Code/Cpu.o
 .debug_macro   0x00000000       0x6a ./Generated_Code/Cpu.o
 .debug_macro   0x00000000     0xde57 ./Generated_Code/Cpu.o
 COMMON         0x00000000        0x1 ./Generated_Code/Cpu.o
 .group         0x00000000        0x8 ./Generated_Code/PE_LDD.o
 .group         0x00000000        0x8 ./Generated_Code/PE_LDD.o
 .group         0x00000000        0x8 ./Generated_Code/PE_LDD.o
 .group         0x00000000        0x8 ./Generated_Code/PE_LDD.o
 .group         0x00000000        0x8 ./Generated_Code/PE_LDD.o
 .group         0x00000000        0x8 ./Generated_Code/PE_LDD.o
 .group         0x00000000        0x8 ./Generated_Code/PE_LDD.o
 .group         0x00000000        0x8 ./Generated_Code/PE_LDD.o
 .group         0x00000000        0x8 ./Generated_Code/PE_LDD.o
 .text          0x00000000        0x0 ./Generated_Code/PE_LDD.o
 .data          0x00000000        0x0 ./Generated_Code/PE_LDD.o
 .bss           0x00000000        0x0 ./Generated_Code/PE_LDD.o
 .rodata.PE_CpuClockConfigurations
                0x00000000       0x28 ./Generated_Code/PE_LDD.o
 .text.PE_FillMemory
                0x00000000       0x24 ./Generated_Code/PE_LDD.o
 .text.PE_PeripheralUsed
                0x00000000       0x18 ./Generated_Code/PE_LDD.o
 .text.LDD_SetClockConfiguration
                0x00000000       0x14 ./Generated_Code/PE_LDD.o
 .debug_info    0x00000000      0x215 ./Generated_Code/PE_LDD.o
 .debug_abbrev  0x00000000       0xf3 ./Generated_Code/PE_LDD.o
 .debug_aranges
                0x00000000       0x30 ./Generated_Code/PE_LDD.o
 .debug_ranges  0x00000000       0x20 ./Generated_Code/PE_LDD.o
 .debug_macro   0x00000000       0x8f ./Generated_Code/PE_LDD.o
 .debug_macro   0x00000000      0x850 ./Generated_Code/PE_LDD.o
 .debug_macro   0x00000000       0x16 ./Generated_Code/PE_LDD.o
 .debug_macro   0x00000000       0x44 ./Generated_Code/PE_LDD.o
 .debug_macro   0x00000000      0x209 ./Generated_Code/PE_LDD.o
 .debug_macro   0x00000000     0x1752 ./Generated_Code/PE_LDD.o
 .debug_macro   0x00000000      0x14e ./Generated_Code/PE_LDD.o
 .debug_macro   0x00000000       0x6a ./Generated_Code/PE_LDD.o
 .debug_macro   0x00000000     0xde57 ./Generated_Code/PE_LDD.o
 .debug_macro   0x00000000       0x94 ./Generated_Code/PE_LDD.o
 .debug_line    0x00000000      0x230 ./Generated_Code/PE_LDD.o
 .debug_str     0x00000000    0x57a39 ./Generated_Code/PE_LDD.o
 .comment       0x00000000       0x71 ./Generated_Code/PE_LDD.o
 .ARM.attributes
                0x00000000       0x39 ./Generated_Code/PE_LDD.o
 .debug_frame   0x00000000       0x64 ./Generated_Code/PE_LDD.o
 .group         0x00000000        0x8 ./Generated_Code/Vectors.o
 .group         0x00000000        0x8 ./Generated_Code/Vectors.o
 .group         0x00000000        0x8 ./Generated_Code/Vectors.o
 .group         0x00000000        0x8 ./Generated_Code/Vectors.o
 .group         0x00000000        0x8 ./Generated_Code/Vectors.o
 .group         0x00000000        0x8 ./Generated_Code/Vectors.o
 .group         0x00000000        0x8 ./Generated_Code/Vectors.o
 .group         0x00000000        0x8 ./Generated_Code/Vectors.o
 .group         0x00000000        0x8 ./Generated_Code/Vectors.o
 .text          0x00000000        0x0 ./Generated_Code/Vectors.o
 .data          0x00000000        0x0 ./Generated_Code/Vectors.o
 .bss           0x00000000        0x0 ./Generated_Code/Vectors.o
 .debug_macro   0x00000000      0x850 ./Generated_Code/Vectors.o
 .debug_macro   0x00000000       0x16 ./Generated_Code/Vectors.o
 .debug_macro   0x00000000       0x44 ./Generated_Code/Vectors.o
 .debug_macro   0x00000000      0x209 ./Generated_Code/Vectors.o
 .debug_macro   0x00000000     0x1752 ./Generated_Code/Vectors.o
 .debug_macro   0x00000000      0x14e ./Generated_Code/Vectors.o
 .debug_macro   0x00000000       0x6a ./Generated_Code/Vectors.o
 .debug_macro   0x00000000     0xde57 ./Generated_Code/Vectors.o
 .debug_macro   0x00000000       0x94 ./Generated_Code/Vectors.o
 .text          0x00000000        0x0 c:/freescale/kds_v3/toolchain/bin/../lib/gcc/arm-none-eabi/4.8.4/../../../../arm-none-eabi/lib/armv7e-m/fpu\libg_s.a(lib_a-exit.o)
 .data          0x00000000        0x0 c:/freescale/kds_v3/toolchain/bin/../lib/gcc/arm-none-eabi/4.8.4/../../../../arm-none-eabi/lib/armv7e-m/fpu\libg_s.a(lib_a-exit.o)
 .bss           0x00000000        0x0 c:/freescale/kds_v3/toolchain/bin/../lib/gcc/arm-none-eabi/4.8.4/../../../../arm-none-eabi/lib/armv7e-m/fpu\libg_s.a(lib_a-exit.o)
 .text          0x00000000        0x0 c:/freescale/kds_v3/toolchain/bin/../lib/gcc/arm-none-eabi/4.8.4/../../../../arm-none-eabi/lib/armv7e-m/fpu\libg_s.a(lib_a-impure.o)
 .data          0x00000000        0x0 c:/freescale/kds_v3/toolchain/bin/../lib/gcc/arm-none-eabi/4.8.4/../../../../arm-none-eabi/lib/armv7e-m/fpu\libg_s.a(lib_a-impure.o)
 .bss           0x00000000        0x0 c:/freescale/kds_v3/toolchain/bin/../lib/gcc/arm-none-eabi/4.8.4/../../../../arm-none-eabi/lib/armv7e-m/fpu\libg_s.a(lib_a-impure.o)
 .data._impure_ptr
                0x00000000        0x4 c:/freescale/kds_v3/toolchain/bin/../lib/gcc/arm-none-eabi/4.8.4/../../../../arm-none-eabi/lib/armv7e-m/fpu\libg_s.a(lib_a-impure.o)
 .text          0x00000000        0x0 c:/freescale/kds_v3/toolchain/bin/../lib/gcc/arm-none-eabi/4.8.4/../../../../arm-none-eabi/lib/armv7e-m/fpu\libg_s.a(lib_a-init.o)
 .data          0x00000000        0x0 c:/freescale/kds_v3/toolchain/bin/../lib/gcc/arm-none-eabi/4.8.4/../../../../arm-none-eabi/lib/armv7e-m/fpu\libg_s.a(lib_a-init.o)
 .bss           0x00000000        0x0 c:/freescale/kds_v3/toolchain/bin/../lib/gcc/arm-none-eabi/4.8.4/../../../../arm-none-eabi/lib/armv7e-m/fpu\libg_s.a(lib_a-init.o)
 .text          0x00000000        0x0 c:/freescale/kds_v3/toolchain/bin/../lib/gcc/arm-none-eabi/4.8.4/../../../../arm-none-eabi/lib/armv7e-m/fpu\libg_s.a(lib_a-memset.o)
 .data          0x00000000        0x0 c:/freescale/kds_v3/toolchain/bin/../lib/gcc/arm-none-eabi/4.8.4/../../../../arm-none-eabi/lib/armv7e-m/fpu\libg_s.a(lib_a-memset.o)
 .bss           0x00000000        0x0 c:/freescale/kds_v3/toolchain/bin/../lib/gcc/arm-none-eabi/4.8.4/../../../../arm-none-eabi/lib/armv7e-m/fpu\libg_s.a(lib_a-memset.o)
 .text          0x00000000        0x0 c:/freescale/kds_v3/toolchain/bin/../lib/gcc/arm-none-eabi/4.8.4/../../../../arm-none-eabi/lib/armv7e-m/fpu\libnosys.a(_exit.o)
 .data          0x00000000        0x0 c:/freescale/kds_v3/toolchain/bin/../lib/gcc/arm-none-eabi/4.8.4/../../../../arm-none-eabi/lib/armv7e-m/fpu\libnosys.a(_exit.o)
 .bss           0x00000000        0x0 c:/freescale/kds_v3/toolchain/bin/../lib/gcc/arm-none-eabi/4.8.4/../../../../arm-none-eabi/lib/armv7e-m/fpu\libnosys.a(_exit.o)
 .text          0x00000000        0x0 c:/freescale/kds_v3/toolchain/bin/../lib/gcc/arm-none-eabi/4.8.4/armv7e-m/fpu/crtend.o
 .data          0x00000000        0x0 c:/freescale/kds_v3/toolchain/bin/../lib/gcc/arm-none-eabi/4.8.4/armv7e-m/fpu/crtend.o
 .bss           0x00000000        0x0 c:/freescale/kds_v3/toolchain/bin/../lib/gcc/arm-none-eabi/4.8.4/armv7e-m/fpu/crtend.o
 .eh_frame      0x00000000        0x4 c:/freescale/kds_v3/toolchain/bin/../lib/gcc/arm-none-eabi/4.8.4/armv7e-m/fpu/crtend.o
 .jcr           0x00000000        0x4 c:/freescale/kds_v3/toolchain/bin/../lib/gcc/arm-none-eabi/4.8.4/armv7e-m/fpu/crtend.o
 .ARM.attributes
                0x00000000       0x34 c:/freescale/kds_v3/toolchain/bin/../lib/gcc/arm-none-eabi/4.8.4/armv7e-m/fpu/crtend.o
 .text          0x00000000        0x0 c:/freescale/kds_v3/toolchain/bin/../lib/gcc/arm-none-eabi/4.8.4/armv7e-m/fpu/crtn.o
 .data          0x00000000        0x0 c:/freescale/kds_v3/toolchain/bin/../lib/gcc/arm-none-eabi/4.8.4/armv7e-m/fpu/crtn.o
 .bss           0x00000000        0x0 c:/freescale/kds_v3/toolchain/bin/../lib/gcc/arm-none-eabi/4.8.4/armv7e-m/fpu/crtn.o

Memory Configuration

Name             Origin             Length             Attributes
m_interrupts     0x00000000         0x00000188         xr
m_text           0x00000410         0x0007fbf0         xr
m_data           0x1fff8000         0x00008000         rw
m_data_20000000  0x20000000         0x00008000         rw
m_cfmprotrom     0x00000400         0x00000010         xr
*default*        0x00000000         0xffffffff

Linker script and memory map

LOAD c:/freescale/kds_v3/toolchain/bin/../lib/gcc/arm-none-eabi/4.8.4/armv7e-m/fpu/crti.o
LOAD c:/freescale/kds_v3/toolchain/bin/../lib/gcc/arm-none-eabi/4.8.4/armv7e-m/fpu/crtbegin.o
LOAD c:/freescale/kds_v3/toolchain/bin/../lib/gcc/arm-none-eabi/4.8.4/../../../../arm-none-eabi/lib/armv7e-m/fpu/crt0.o
LOAD ./Sources/Events.o
LOAD ./Sources/main.o
LOAD ./Project_Settings/Startup_Code/startup.o
LOAD ./Generated_Code/Cpu.o
LOAD ./Generated_Code/PE_LDD.o
LOAD ./Generated_Code/Vectors.o
LOAD c:/freescale/kds_v3/toolchain/bin/../lib/gcc/arm-none-eabi/4.8.4/../../../../arm-none-eabi/lib/armv7e-m/fpu\libstdc++_s.a
LOAD c:/freescale/kds_v3/toolchain/bin/../lib/gcc/arm-none-eabi/4.8.4/../../../../arm-none-eabi/lib/armv7e-m/fpu\libm.a
START GROUP
LOAD c:/freescale/kds_v3/toolchain/bin/../lib/gcc/arm-none-eabi/4.8.4/armv7e-m/fpu\libgcc.a
LOAD c:/freescale/kds_v3/toolchain/bin/../lib/gcc/arm-none-eabi/4.8.4/../../../../arm-none-eabi/lib/armv7e-m/fpu\libg_s.a
LOAD c:/freescale/kds_v3/toolchain/bin/../lib/gcc/arm-none-eabi/4.8.4/../../../../arm-none-eabi/lib/armv7e-m/fpu\libc_s.a
END GROUP
START GROUP
LOAD c:/freescale/kds_v3/toolchain/bin/../lib/gcc/arm-none-eabi/4.8.4/armv7e-m/fpu\libgcc.a
LOAD c:/freescale/kds_v3/toolchain/bin/../lib/gcc/arm-none-eabi/4.8.4/../../../../arm-none-eabi/lib/armv7e-m/fpu\libc_s.a
LOAD c:/freescale/kds_v3/toolchain/bin/../lib/gcc/arm-none-eabi/4.8.4/../../../../arm-none-eabi/lib/armv7e-m/fpu\libnosys.a
END GROUP
START GROUP
LOAD c:/freescale/kds_v3/toolchain/bin/../lib/gcc/arm-none-eabi/4.8.4/armv7e-m/fpu\libgcc.a
LOAD c:/freescale/kds_v3/toolchain/bin/../lib/gcc/arm-none-eabi/4.8.4/../../../../arm-none-eabi/lib/armv7e-m/fpu\libc_s.a
LOAD c:/freescale/kds_v3/toolchain/bin/../lib/gcc/arm-none-eabi/4.8.4/../../../../arm-none-eabi/lib/armv7e-m/fpu\libnosys.a
END GROUP
LOAD c:/freescale/kds_v3/toolchain/bin/../lib/gcc/arm-none-eabi/4.8.4/armv7e-m/fpu/crtend.o
LOAD c:/freescale/kds_v3/toolchain/bin/../lib/gcc/arm-none-eabi/4.8.4/armv7e-m/fpu/crtn.o
                0x20000000                _estack = 0x20000000
                0x20000000                __SP_INIT = _estack
                0x20000000                __stack = _estack
                0x00000000                __heap_size = 0x0
                0x00000400                __stack_size = 0x400

.interrupts     0x00000000      0x188
                0x00000000                __vector_table = .
                0x00000000                . = ALIGN (0x4)
 *(.vectortable)
 .vectortable   0x00000000      0x188 ./Generated_Code/Vectors.o
                0x00000000                __vect_table
                0x00000188                . = ALIGN (0x4)

.cfmprotect     0x00000400       0x10
                0x00000400                . = ALIGN (0x4)
 *(.cfmconfig)
 .cfmconfig     0x00000400       0x10 ./Generated_Code/Cpu.o
                0x00000400                _cfm
                0x00000410                . = ALIGN (0x4)

.text           0x00000410      0x5a4
                0x00000410                . = ALIGN (0x4)
 *(.text)
 .text          0x00000410       0x54 c:/freescale/kds_v3/toolchain/bin/../lib/gcc/arm-none-eabi/4.8.4/armv7e-m/fpu/crtbegin.o
 .text          0x00000464       0x74 c:/freescale/kds_v3/toolchain/bin/../lib/gcc/arm-none-eabi/4.8.4/../../../../arm-none-eabi/lib/armv7e-m/fpu/crt0.o
                0x00000464                _start
                0x00000464                _mainCRTStartup
 *(.text*)
 .text.Cpu_OnNMIINT
                0x000004d8        0xc ./Sources/Events.o
                0x000004d8                Cpu_OnNMIINT
 .text.main     0x000004e4        0xc ./Sources/main.o
                0x000004e4                main
 .text.__copy_rom_section
                0x000004f0       0xe4 ./Project_Settings/Startup_Code/startup.o
                0x000004f0                __copy_rom_section
 .text.__copy_rom_sections_to_ram
                0x000005d4       0x9c ./Project_Settings/Startup_Code/startup.o
                0x000005d4                __copy_rom_sections_to_ram
 .text.__init_registers
                0x00000670       0x20 ./Project_Settings/Startup_Code/startup.o
                0x00000670                __init_registers
 .text.__init_user
                0x00000690        0xc ./Project_Settings/Startup_Code/startup.o
                0x00000690                __init_user
 .text.__thumb_startup
                0x0000069c       0x34 ./Project_Settings/Startup_Code/startup.o
                0x0000069c                __thumb_startup
 .text.Cpu_INT_NMIInterrupt
                0x000006d0       0x1c ./Generated_Code/Cpu.o
                0x000006d0                Cpu_INT_NMIInterrupt
 .text.Cpu_Interrupt
                0x000006ec       0x18 ./Generated_Code/Cpu.o
                0x000006ec                Cpu_Interrupt
 .text.__init_hardware
                0x00000704      0x11c ./Generated_Code/Cpu.o
                0x00000704                __init_hardware
 .text.Cpu_SetBASEPRI
                0x00000820       0x18 ./Generated_Code/Cpu.o
                0x00000820                Cpu_SetBASEPRI
 .text.PE_low_level_init
                0x00000838       0xd4 ./Generated_Code/Cpu.o
                0x00000838                PE_low_level_init
 .text.exit     0x0000090c       0x28 c:/freescale/kds_v3/toolchain/bin/../lib/gcc/arm-none-eabi/4.8.4/../../../../arm-none-eabi/lib/armv7e-m/fpu\libg_s.a(lib_a-exit.o)
                0x0000090c                exit
 .text.__libc_init_array
                0x00000934       0x4c c:/freescale/kds_v3/toolchain/bin/../lib/gcc/arm-none-eabi/4.8.4/../../../../arm-none-eabi/lib/armv7e-m/fpu\libg_s.a(lib_a-init.o)
                0x00000934                __libc_init_array
 .text.memset   0x00000980       0x10 c:/freescale/kds_v3/toolchain/bin/../lib/gcc/arm-none-eabi/4.8.4/../../../../arm-none-eabi/lib/armv7e-m/fpu\libg_s.a(lib_a-memset.o)
                0x00000980                memset
 .text._exit    0x00000990        0x4 c:/freescale/kds_v3/toolchain/bin/../lib/gcc/arm-none-eabi/4.8.4/../../../../arm-none-eabi/lib/armv7e-m/fpu\libnosys.a(_exit.o)
                0x00000990                _exit
 *(.rodata)
 *(.rodata*)
 .rodata.str1.1
                0x00000994        0x2 c:/freescale/kds_v3/toolchain/bin/../lib/gcc/arm-none-eabi/4.8.4/../../../../arm-none-eabi/lib/armv7e-m/fpu\libg_s.a(lib_a-impure.o)
 *fill*         0x00000996        0x2 
 .rodata._global_impure_ptr
                0x00000998        0x4 c:/freescale/kds_v3/toolchain/bin/../lib/gcc/arm-none-eabi/4.8.4/../../../../arm-none-eabi/lib/armv7e-m/fpu\libg_s.a(lib_a-impure.o)
                0x00000998                _global_impure_ptr
 *(.glue_7)
 .glue_7        0x00000000        0x0 linker stubs
 *(.glue_7t)
 .glue_7t       0x00000000        0x0 linker stubs
 *(.eh_frame)
 .eh_frame      0x0000099c        0x0 c:/freescale/kds_v3/toolchain/bin/../lib/gcc/arm-none-eabi/4.8.4/armv7e-m/fpu/crtbegin.o
 *(.init)
 .init          0x0000099c        0x4 c:/freescale/kds_v3/toolchain/bin/../lib/gcc/arm-none-eabi/4.8.4/armv7e-m/fpu/crti.o
                0x0000099c                _init
 .init          0x000009a0        0x8 c:/freescale/kds_v3/toolchain/bin/../lib/gcc/arm-none-eabi/4.8.4/armv7e-m/fpu/crtn.o
 *(.fini)
 .fini          0x000009a8        0x4 c:/freescale/kds_v3/toolchain/bin/../lib/gcc/arm-none-eabi/4.8.4/armv7e-m/fpu/crti.o
                0x000009a8                _fini
 .fini          0x000009ac        0x8 c:/freescale/kds_v3/toolchain/bin/../lib/gcc/arm-none-eabi/4.8.4/armv7e-m/fpu/crtn.o
                0x000009b4                . = ALIGN (0x4)
                0x000009b4                _etext = .

.vfp11_veneer   0x000009b4        0x0
 .vfp11_veneer  0x00000000        0x0 linker stubs

.v4_bx          0x000009b4        0x0
 .v4_bx         0x00000000        0x0 linker stubs

.iplt           0x000009b4        0x0
 .iplt          0x00000000        0x0 c:/freescale/kds_v3/toolchain/bin/../lib/gcc/arm-none-eabi/4.8.4/armv7e-m/fpu/crtbegin.o

.ARM.extab
 *(.ARM.extab* .gnu.linkonce.armextab.*)

.ARM            0x000009b4        0x8
                0x000009b4                __exidx_start = .
 *(.ARM.exidx*)
 .ARM.exidx     0x000009b4        0x8 c:/freescale/kds_v3/toolchain/bin/../lib/gcc/arm-none-eabi/4.8.4/../../../../arm-none-eabi/lib/armv7e-m/fpu/crt0.o
                0x000009bc                __exidx_end = .

.rel.dyn        0x000009bc        0x0
 .rel.iplt      0x00000000        0x0 c:/freescale/kds_v3/toolchain/bin/../lib/gcc/arm-none-eabi/4.8.4/armv7e-m/fpu/crtbegin.o

.ctors          0x000009bc        0x0
                0x000009bc                __CTOR_LIST__ = .
 *crtbegin.o(.ctors)
 *(EXCLUDE_FILE(*crtend.o) .ctors)
 *(SORT(.ctors.*))
 *(.ctors)
                0x000009bc                __CTOR_END__ = .

.dtors          0x000009bc        0x0
                0x000009bc                __DTOR_LIST__ = .
 *crtbegin.o(.dtors)
 *(EXCLUDE_FILE(*crtend.o) .dtors)
 *(SORT(.dtors.*))
 *(.dtors)
                0x000009bc                __DTOR_END__ = .

.preinit_array  0x000009bc        0x0
                0x000009bc                PROVIDE (__preinit_array_start, .)
 *(.preinit_array*)
                0x000009bc                PROVIDE (__preinit_array_end, .)

.init_array     0x000009bc        0x4
                0x000009bc                PROVIDE (__init_array_start, .)
 *(SORT(.init_array.*))
 *(.init_array*)
 .init_array    0x000009bc        0x4 c:/freescale/kds_v3/toolchain/bin/../lib/gcc/arm-none-eabi/4.8.4/armv7e-m/fpu/crtbegin.o
                0x000009c0                PROVIDE (__init_array_end, .)

.fini_array     0x000009c0        0x4
                0x000009c0                PROVIDE (__fini_array_start, .)
 *(SORT(.fini_array.*))
 *(.fini_array*)
 .fini_array    0x000009c0        0x4 c:/freescale/kds_v3/toolchain/bin/../lib/gcc/arm-none-eabi/4.8.4/armv7e-m/fpu/crtbegin.o
                0x000009c4                PROVIDE (__fini_array_end, .)
                0x000009c4                ___ROM_AT = .

.data           0x1fff8000       0x60 load address 0x000009c4
                0x1fff8000                . = ALIGN (0x4)
                0x1fff8000                _sdata = .
 *(.data)
 *(.data*)
 .data.impure_data
                0x1fff8000       0x60 c:/freescale/kds_v3/toolchain/bin/../lib/gcc/arm-none-eabi/4.8.4/../../../../arm-none-eabi/lib/armv7e-m/fpu\libg_s.a(lib_a-impure.o)
                0x1fff8060                . = ALIGN (0x4)
                0x1fff8060                _edata = .
                0x00000060                ___data_size = (_edata - _sdata)
                0x00000a24                ___m_data_20000000_ROMStart = (___ROM_AT + SIZEOF (.data))

.jcr            0x1fff8060        0x0 load address 0x00000a24
 .jcr           0x1fff8060        0x0 c:/freescale/kds_v3/toolchain/bin/../lib/gcc/arm-none-eabi/4.8.4/armv7e-m/fpu/crtbegin.o

.igot.plt       0x1fff8060        0x0 load address 0x00000a24
 .igot.plt      0x00000000        0x0 c:/freescale/kds_v3/toolchain/bin/../lib/gcc/arm-none-eabi/4.8.4/armv7e-m/fpu/crtbegin.o

.m_data_20000000
                0x20000000        0x0 load address 0x00000a24
                0x20000000                . = ALIGN (0x4)
                0x20000000                ___m_data_20000000_RAMStart = .
 *(.m_data_20000000)
                0x20000000                ___m_data_20000000_RAMEnd = .
                0x20000000                . = ALIGN (0x4)
                0x00000000                ___m_data_20000000_ROMSize = (___m_data_20000000_RAMEnd - ___m_data_20000000_RAMStart)
                0x20000000                . = ALIGN (0x4)

.bss            0x1fff8060       0x1c load address 0x00000a24
                0x1fff8060                __START_BSS = .
                0x1fff8060                PROVIDE (__bss_start__, __START_BSS)
 *(.bss)
 .bss           0x1fff8060       0x1c c:/freescale/kds_v3/toolchain/bin/../lib/gcc/arm-none-eabi/4.8.4/armv7e-m/fpu/crtbegin.o
 *(.bss*)
 *(COMMON)
                0x1fff807c                . = ALIGN (0x4)
                0x1fff807c                __END_BSS = .
                0x1fff807c                PROVIDE (__bss_end__, __END_BSS)
                0x00000a24                _romp_at = ((___ROM_AT + SIZEOF (.data)) + SIZEOF (.m_data_20000000))

.romp           0x1fff807c       0x24 load address 0x00000a24
                0x00000a24                __S_romp = _romp_at
                0x1fff807c        0x4 LONG 0x9c4 ___ROM_AT
                0x1fff8080        0x4 LONG 0x1fff8000 _sdata
                0x1fff8084        0x4 LONG 0x60 ___data_size
                0x1fff8088        0x4 LONG 0xa24 ___m_data_20000000_ROMStart
                0x1fff808c        0x4 LONG 0x20000000 ___m_data_20000000_RAMStart
                0x1fff8090        0x4 LONG 0x0 ___m_data_20000000_ROMSize
                0x1fff8094        0x4 LONG 0x0
                0x1fff8098        0x4 LONG 0x0
                0x1fff809c        0x4 LONG 0x0
                0x00080000                text_end = (ORIGIN (m_text) + 0x7fbf0)
                0x00000a48                data_init_end = ((___m_data_20000000_ROMStart + SIZEOF (.m_data_20000000)) + SIZEOF (.romp))
                0x00000001                ASSERT ((data_init_end <= text_end), region m_text overflowed with text and data)

._user_heap_stack
                0x1fff80a0      0x400 load address 0x00000a48
                0x1fff80a0                . = ALIGN (0x4)
                0x1fff80a0                PROVIDE (end, .)
                0x1fff80a0                PROVIDE (_end, .)
                0x1fff80a0                PROVIDE (__end__, .)
                0x1fff80a0                __heap_addr = .
                0x1fff80a0                __HeapBase = .
                0x1fff80a0                . = (. + __heap_size)
                0x1fff80a0                __HeapLimit = .
                0x1fff84a0                . = (. + __stack_size)
 *fill*         0x1fff80a0      0x400 
                0x1fff84a0                . = ALIGN (0x4)

.ARM.attributes
                0x00000000       0x30
 *(.ARM.attributes)
 .ARM.attributes
                0x00000000       0x22 c:/freescale/kds_v3/toolchain/bin/../lib/gcc/arm-none-eabi/4.8.4/armv7e-m/fpu/crti.o
 .ARM.attributes
                0x00000022       0x34 c:/freescale/kds_v3/toolchain/bin/../lib/gcc/arm-none-eabi/4.8.4/armv7e-m/fpu/crtbegin.o
 .ARM.attributes
                0x00000056       0x20 c:/freescale/kds_v3/toolchain/bin/../lib/gcc/arm-none-eabi/4.8.4/../../../../arm-none-eabi/lib/armv7e-m/fpu/crt0.o
 .ARM.attributes
                0x00000076       0x39 ./Sources/Events.o
 .ARM.attributes
                0x000000af       0x39 ./Sources/main.o
 .ARM.attributes
                0x000000e8       0x39 ./Project_Settings/Startup_Code/startup.o
 .ARM.attributes
                0x00000121       0x39 ./Generated_Code/Cpu.o
 .ARM.attributes
                0x0000015a       0x39 ./Generated_Code/Vectors.o
 .ARM.attributes
                0x00000193       0x34 c:/freescale/kds_v3/toolchain/bin/../lib/gcc/arm-none-eabi/4.8.4/../../../../arm-none-eabi/lib/armv7e-m/fpu\libg_s.a(lib_a-exit.o)
 .ARM.attributes
                0x000001c7       0x34 c:/freescale/kds_v3/toolchain/bin/../lib/gcc/arm-none-eabi/4.8.4/../../../../arm-none-eabi/lib/armv7e-m/fpu\libg_s.a(lib_a-impure.o)
 .ARM.attributes
                0x000001fb       0x34 c:/freescale/kds_v3/toolchain/bin/../lib/gcc/arm-none-eabi/4.8.4/../../../../arm-none-eabi/lib/armv7e-m/fpu\libg_s.a(lib_a-init.o)
 .ARM.attributes
                0x0000022f       0x34 c:/freescale/kds_v3/toolchain/bin/../lib/gcc/arm-none-eabi/4.8.4/../../../../arm-none-eabi/lib/armv7e-m/fpu\libg_s.a(lib_a-memset.o)
 .ARM.attributes
                0x00000263       0x34 c:/freescale/kds_v3/toolchain/bin/../lib/gcc/arm-none-eabi/4.8.4/../../../../arm-none-eabi/lib/armv7e-m/fpu\libnosys.a(_exit.o)
 .ARM.attributes
                0x00000297       0x22 c:/freescale/kds_v3/toolchain/bin/../lib/gcc/arm-none-eabi/4.8.4/armv7e-m/fpu/crtn.o
OUTPUT(Test_robot.elf elf32-littlearm)

.debug_info     0x00000000     0x10f5
 .debug_info    0x00000000       0x96 ./Sources/Events.o
 .debug_info    0x00000096       0x9a ./Sources/main.o
 .debug_info    0x00000130      0x3b0 ./Project_Settings/Startup_Code/startup.o
 .debug_info    0x000004e0      0xb06 ./Generated_Code/Cpu.o
 .debug_info    0x00000fe6      0x10f ./Generated_Code/Vectors.o

.debug_abbrev   0x00000000      0x43e
 .debug_abbrev  0x00000000       0x45 ./Sources/Events.o
 .debug_abbrev  0x00000045       0x47 ./Sources/main.o
 .debug_abbrev  0x0000008c      0x189 ./Project_Settings/Startup_Code/startup.o
 .debug_abbrev  0x00000215      0x185 ./Generated_Code/Cpu.o
 .debug_abbrev  0x0000039a       0xa4 ./Generated_Code/Vectors.o

.debug_aranges  0x00000000       0xe8
 .debug_aranges
                0x00000000       0x20 ./Sources/Events.o
 .debug_aranges
                0x00000020       0x20 ./Sources/main.o
 .debug_aranges
                0x00000040       0x50 ./Project_Settings/Startup_Code/startup.o
 .debug_aranges
                0x00000090       0x40 ./Generated_Code/Cpu.o
 .debug_aranges
                0x000000d0       0x18 ./Generated_Code/Vectors.o

.debug_ranges   0x00000000       0x90
 .debug_ranges  0x00000000       0x10 ./Sources/Events.o
 .debug_ranges  0x00000010       0x10 ./Sources/main.o
 .debug_ranges  0x00000020       0x40 ./Project_Settings/Startup_Code/startup.o
 .debug_ranges  0x00000060       0x30 ./Generated_Code/Cpu.o

.debug_macro    0x00000000    0x1ef77
 .debug_macro   0x00000000       0x9f ./Sources/Events.o
 .debug_macro   0x0000009f      0x850 ./Sources/Events.o
 .debug_macro   0x000008ef       0x16 ./Sources/Events.o
 .debug_macro   0x00000905       0x44 ./Sources/Events.o
 .debug_macro   0x00000949      0x209 ./Sources/Events.o
 .debug_macro   0x00000b52     0x1752 ./Sources/Events.o
 .debug_macro   0x000022a4      0x14e ./Sources/Events.o
 .debug_macro   0x000023f2       0x6a ./Sources/Events.o
 .debug_macro   0x0000245c     0xde57 ./Sources/Events.o
 .debug_macro   0x000102b3       0x94 ./Sources/Events.o
 .debug_macro   0x00010347       0x9f ./Sources/main.o
 .debug_macro   0x000103e6      0x121 ./Project_Settings/Startup_Code/startup.o
 .debug_macro   0x00010507       0x58 ./Project_Settings/Startup_Code/startup.o
 .debug_macro   0x0001055f       0x35 ./Project_Settings/Startup_Code/startup.o
 .debug_macro   0x00010594       0xa3 ./Project_Settings/Startup_Code/startup.o
 .debug_macro   0x00010637      0x166 ./Project_Settings/Startup_Code/startup.o
 .debug_macro   0x0001079d       0x4a ./Project_Settings/Startup_Code/startup.o
 .debug_macro   0x000107e7       0x52 ./Project_Settings/Startup_Code/startup.o
 .debug_macro   0x00010839       0x16 ./Project_Settings/Startup_Code/startup.o
 .debug_macro   0x0001084f       0x43 ./Project_Settings/Startup_Code/startup.o
 .debug_macro   0x00010892      0x180 ./Project_Settings/Startup_Code/startup.o
 .debug_macro   0x00010a12      0x2a6 ./Project_Settings/Startup_Code/startup.o
 .debug_macro   0x00010cb8       0x10 ./Project_Settings/Startup_Code/startup.o
 .debug_macro   0x00010cc8       0x35 ./Project_Settings/Startup_Code/startup.o
 .debug_macro   0x00010cfd       0x16 ./Project_Settings/Startup_Code/startup.o
 .debug_macro   0x00010d13       0x22 ./Project_Settings/Startup_Code/startup.o
 .debug_macro   0x00010d35       0x10 ./Project_Settings/Startup_Code/startup.o
 .debug_macro   0x00010d45      0x20f ./Project_Settings/Startup_Code/startup.o
 .debug_macro   0x00010f54     0xde4b ./Project_Settings/Startup_Code/startup.o
 .debug_macro   0x0001ed9f       0x9f ./Generated_Code/Cpu.o
 .debug_macro   0x0001ee3e       0x9a ./Generated_Code/Cpu.o
 .debug_macro   0x0001eed8       0x9f ./Generated_Code/Vectors.o

.debug_line     0x00000000      0xdd9
 .debug_line    0x00000000      0x234 ./Sources/Events.o
 .debug_line    0x00000234      0x239 ./Sources/main.o
 .debug_line    0x0000046d      0x3c3 ./Project_Settings/Startup_Code/startup.o
 .debug_line    0x00000830      0x316 ./Generated_Code/Cpu.o
 .debug_line    0x00000b46      0x293 ./Generated_Code/Vectors.o

.debug_str      0x00000000    0x5a177
 .debug_str     0x00000000    0x57767 ./Sources/Events.o
                              0x578b1 (size before relaxing)
 .debug_str     0x00057767       0x17 ./Sources/main.o
                              0x578a7 (size before relaxing)
 .debug_str     0x0005777e     0x269e ./Project_Settings/Startup_Code/startup.o
                              0x52a06 (size before relaxing)
 .debug_str     0x00059e1c      0x33f ./Generated_Code/Cpu.o
                              0x57ca1 (size before relaxing)
 .debug_str     0x0005a15b       0x1c ./Generated_Code/Vectors.o
                              0x578f9 (size before relaxing)

.comment        0x00000000       0x70
 .comment       0x00000000       0x70 ./Sources/Events.o
                                 0x71 (size before relaxing)
 .comment       0x00000000       0x71 ./Sources/main.o
 .comment       0x00000000       0x71 ./Project_Settings/Startup_Code/startup.o
 .comment       0x00000000       0x71 ./Generated_Code/Cpu.o
 .comment       0x00000000       0x71 ./Generated_Code/Vectors.o

.debug_frame    0x00000000      0x24c
 .debug_frame   0x00000000       0x28 ./Sources/Events.o
 .debug_frame   0x00000028       0x2c ./Sources/main.o
 .debug_frame   0x00000054       0xc0 ./Project_Settings/Startup_Code/startup.o
 .debug_frame   0x00000114       0xa4 ./Generated_Code/Cpu.o
 .debug_frame   0x000001b8       0x28 c:/freescale/kds_v3/toolchain/bin/../lib/gcc/arm-none-eabi/4.8.4/../../../../arm-none-eabi/lib/armv7e-m/fpu\libg_s.a(lib_a-exit.o)
 .debug_frame   0x000001e0       0x2c c:/freescale/kds_v3/toolchain/bin/../lib/gcc/arm-none-eabi/4.8.4/../../../../arm-none-eabi/lib/armv7e-m/fpu\libg_s.a(lib_a-init.o)
 .debug_frame   0x0000020c       0x20 c:/freescale/kds_v3/toolchain/bin/../lib/gcc/arm-none-eabi/4.8.4/../../../../arm-none-eabi/lib/armv7e-m/fpu\libg_s.a(lib_a-memset.o)
 .debug_frame   0x0000022c       0x20 c:/freescale/kds_v3/toolchain/bin/../lib/gcc/arm-none-eabi/4.8.4/../../../../arm-none-eabi/lib/armv7e-m/fpu\libnosys.a(_exit.o)
